  Determining projects to restore...
C:\Users\Abdessamad\Desktop\ai_story\proMeet\ProMeet\ProMeet.csproj : warning NU1902: Package 'System.IdentityModel.Tokens.Jwt' 7.0.3 has a known moderate severity vulnerability, https://github.com/advisories/GHSA-59j7-ghrg-fj52 [C:\Users\Abdessamad\Desktop\ai_story\proMeet\ProMeet\ProMeet.sln]
  All projects are up-to-date for restore.
C:\Users\Abdessamad\Desktop\ai_story\proMeet\ProMeet\ProMeet.csproj : warning NU1902: Package 'System.IdentityModel.Tokens.Jwt' 7.0.3 has a known moderate severity vulnerability, https://github.com/advisories/GHSA-59j7-ghrg-fj52
C:\Program Files\dotnet\sdk\9.0.306\Microsoft.Common.CurrentVersion.targets(5394,5): warning MSB3026: Could not copy "C:\Users\Abdessamad\Desktop\ai_story\proMeet\ProMeet\obj\Debug\net8.0\apphost.exe" to "bin\Debug\net8.0\ProMeet.exe". Beginning retry 1 in 1000ms. The process cannot access the file 'C:\Users\Abdessamad\Desktop\ai_story\proMeet\ProMeet\bin\Debug\net8.0\ProMeet.exe' because it is being used by another process. The file is locked by: "ProMeet (24216)" [C:\Users\Abdessamad\Desktop\ai_story\proMeet\ProMeet\ProMeet.csproj]
C:\Program Files\dotnet\sdk\9.0.306\Microsoft.Common.CurrentVersion.targets(5394,5): warning MSB3026: Could not copy "C:\Users\Abdessamad\Desktop\ai_story\proMeet\ProMeet\obj\Debug\net8.0\apphost.exe" to "bin\Debug\net8.0\ProMeet.exe". Beginning retry 2 in 1000ms. The process cannot access the file 'C:\Users\Abdessamad\Desktop\ai_story\proMeet\ProMeet\bin\Debug\net8.0\ProMeet.exe' because it is being used by another process. The file is locked by: "ProMeet (24216)" [C:\Users\Abdessamad\Desktop\ai_story\proMeet\ProMeet\ProMeet.csproj]
C:\Program Files\dotnet\sdk\9.0.306\Microsoft.Common.CurrentVersion.targets(5394,5): warning MSB3026: Could not copy "C:\Users\Abdessamad\Desktop\ai_story\proMeet\ProMeet\obj\Debug\net8.0\apphost.exe" to "bin\Debug\net8.0\ProMeet.exe". Beginning retry 3 in 1000ms. The process cannot access the file 'C:\Users\Abdessamad\Desktop\ai_story\proMeet\ProMeet\bin\Debug\net8.0\ProMeet.exe' because it is being used by another process. The file is locked by: "ProMeet (24216)" [C:\Users\Abdessamad\Desktop\ai_story\proMeet\ProMeet\ProMeet.csproj]
C:\Program Files\dotnet\sdk\9.0.306\Microsoft.Common.CurrentVersion.targets(5394,5): warning MSB3026: Could not copy "C:\Users\Abdessamad\Desktop\ai_story\proMeet\ProMeet\obj\Debug\net8.0\apphost.exe" to "bin\Debug\net8.0\ProMeet.exe". Beginning retry 4 in 1000ms. The process cannot access the file 'C:\Users\Abdessamad\Desktop\ai_story\proMeet\ProMeet\bin\Debug\net8.0\ProMeet.exe' because it is being used by another process. The file is locked by: "ProMeet (24216)" [C:\Users\Abdessamad\Desktop\ai_story\proMeet\ProMeet\ProMeet.csproj]
C:\Program Files\dotnet\sdk\9.0.306\Microsoft.Common.CurrentVersion.targets(5394,5): warning MSB3026: Could not copy "C:\Users\Abdessamad\Desktop\ai_story\proMeet\ProMeet\obj\Debug\net8.0\apphost.exe" to "bin\Debug\net8.0\ProMeet.exe". Beginning retry 5 in 1000ms. The process cannot access the file 'C:\Users\Abdessamad\Desktop\ai_story\proMeet\ProMeet\bin\Debug\net8.0\ProMeet.exe' because it is being used by another process. The file is locked by: "ProMeet (24216)" [C:\Users\Abdessamad\Desktop\ai_story\proMeet\ProMeet\ProMeet.csproj]
C:\Program Files\dotnet\sdk\9.0.306\Microsoft.Common.CurrentVersion.targets(5394,5): warning MSB3026: Could not copy "C:\Users\Abdessamad\Desktop\ai_story\proMeet\ProMeet\obj\Debug\net8.0\apphost.exe" to "bin\Debug\net8.0\ProMeet.exe". Beginning retry 6 in 1000ms. The process cannot access the file 'C:\Users\Abdessamad\Desktop\ai_story\proMeet\ProMeet\bin\Debug\net8.0\ProMeet.exe' because it is being used by another process. The file is locked by: "ProMeet (24216)" [C:\Users\Abdessamad\Desktop\ai_story\proMeet\ProMeet\ProMeet.csproj]
C:\Program Files\dotnet\sdk\9.0.306\Microsoft.Common.CurrentVersion.targets(5394,5): warning MSB3026: Could not copy "C:\Users\Abdessamad\Desktop\ai_story\proMeet\ProMeet\obj\Debug\net8.0\apphost.exe" to "bin\Debug\net8.0\ProMeet.exe". Beginning retry 7 in 1000ms. The process cannot access the file 'C:\Users\Abdessamad\Desktop\ai_story\proMeet\ProMeet\bin\Debug\net8.0\ProMeet.exe' because it is being used by another process. The file is locked by: "ProMeet (24216)" [C:\Users\Abdessamad\Desktop\ai_story\proMeet\ProMeet\ProMeet.csproj]
C:\Program Files\dotnet\sdk\9.0.306\Microsoft.Common.CurrentVersion.targets(5394,5): warning MSB3026: Could not copy "C:\Users\Abdessamad\Desktop\ai_story\proMeet\ProMeet\obj\Debug\net8.0\apphost.exe" to "bin\Debug\net8.0\ProMeet.exe". Beginning retry 8 in 1000ms. The process cannot access the file 'C:\Users\Abdessamad\Desktop\ai_story\proMeet\ProMeet\bin\Debug\net8.0\ProMeet.exe' because it is being used by another process. The file is locked by: "ProMeet (24216)" [C:\Users\Abdessamad\Desktop\ai_story\proMeet\ProMeet\ProMeet.csproj]
C:\Program Files\dotnet\sdk\9.0.306\Microsoft.Common.CurrentVersion.targets(5394,5): warning MSB3026: Could not copy "C:\Users\Abdessamad\Desktop\ai_story\proMeet\ProMeet\obj\Debug\net8.0\apphost.exe" to "bin\Debug\net8.0\ProMeet.exe". Beginning retry 9 in 1000ms. The process cannot access the file 'C:\Users\Abdessamad\Desktop\ai_story\proMeet\ProMeet\bin\Debug\net8.0\ProMeet.exe' because it is being used by another process. The file is locked by: "ProMeet (24216)" [C:\Users\Abdessamad\Desktop\ai_story\proMeet\ProMeet\ProMeet.csproj]
C:\Program Files\dotnet\sdk\9.0.306\Microsoft.Common.CurrentVersion.targets(5394,5): warning MSB3026: Could not copy "C:\Users\Abdessamad\Desktop\ai_story\proMeet\ProMeet\obj\Debug\net8.0\apphost.exe" to "bin\Debug\net8.0\ProMeet.exe". Beginning retry 10 in 1000ms. The process cannot access the file 'C:\Users\Abdessamad\Desktop\ai_story\proMeet\ProMeet\bin\Debug\net8.0\ProMeet.exe' because it is being used by another process. The file is locked by: "ProMeet (24216)" [C:\Users\Abdessamad\Desktop\ai_story\proMeet\ProMeet\ProMeet.csproj]
C:\Program Files\dotnet\sdk\9.0.306\Microsoft.Common.CurrentVersion.targets(5394,5): error MSB3027: Could not copy "C:\Users\Abdessamad\Desktop\ai_story\proMeet\ProMeet\obj\Debug\net8.0\apphost.exe" to "bin\Debug\net8.0\ProMeet.exe". Exceeded retry count of 10. Failed. The file is locked by: "ProMeet (24216)" [C:\Users\Abdessamad\Desktop\ai_story\proMeet\ProMeet\ProMeet.csproj]
C:\Program Files\dotnet\sdk\9.0.306\Microsoft.Common.CurrentVersion.targets(5394,5): error MSB3021: Unable to copy file "C:\Users\Abdessamad\Desktop\ai_story\proMeet\ProMeet\obj\Debug\net8.0\apphost.exe" to "bin\Debug\net8.0\ProMeet.exe". The process cannot access the file 'C:\Users\Abdessamad\Desktop\ai_story\proMeet\ProMeet\bin\Debug\net8.0\ProMeet.exe' because it is being used by another process. [C:\Users\Abdessamad\Desktop\ai_story\proMeet\ProMeet\ProMeet.csproj]

Build FAILED.

C:\Users\Abdessamad\Desktop\ai_story\proMeet\ProMeet\ProMeet.csproj : warning NU1902: Package 'System.IdentityModel.Tokens.Jwt' 7.0.3 has a known moderate severity vulnerability, https://github.com/advisories/GHSA-59j7-ghrg-fj52 [C:\Users\Abdessamad\Desktop\ai_story\proMeet\ProMeet\ProMeet.sln]
C:\Users\Abdessamad\Desktop\ai_story\proMeet\ProMeet\ProMeet.csproj : warning NU1902: Package 'System.IdentityModel.Tokens.Jwt' 7.0.3 has a known moderate severity vulnerability, https://github.com/advisories/GHSA-59j7-ghrg-fj52
C:\Program Files\dotnet\sdk\9.0.306\Microsoft.Common.CurrentVersion.targets(5394,5): warning MSB3026: Could not copy "C:\Users\Abdessamad\Desktop\ai_story\proMeet\ProMeet\obj\Debug\net8.0\apphost.exe" to "bin\Debug\net8.0\ProMeet.exe". Beginning retry 1 in 1000ms. The process cannot access the file 'C:\Users\Abdessamad\Desktop\ai_story\proMeet\ProMeet\bin\Debug\net8.0\ProMeet.exe' because it is being used by another process. The file is locked by: "ProMeet (24216)" [C:\Users\Abdessamad\Desktop\ai_story\proMeet\ProMeet\ProMeet.csproj]
C:\Program Files\dotnet\sdk\9.0.306\Microsoft.Common.CurrentVersion.targets(5394,5): warning MSB3026: Could not copy "C:\Users\Abdessamad\Desktop\ai_story\proMeet\ProMeet\obj\Debug\net8.0\apphost.exe" to "bin\Debug\net8.0\ProMeet.exe". Beginning retry 2 in 1000ms. The process cannot access the file 'C:\Users\Abdessamad\Desktop\ai_story\proMeet\ProMeet\bin\Debug\net8.0\ProMeet.exe' because it is being used by another process. The file is locked by: "ProMeet (24216)" [C:\Users\Abdessamad\Desktop\ai_story\proMeet\ProMeet\ProMeet.csproj]
C:\Program Files\dotnet\sdk\9.0.306\Microsoft.Common.CurrentVersion.targets(5394,5): warning MSB3026: Could not copy "C:\Users\Abdessamad\Desktop\ai_story\proMeet\ProMeet\obj\Debug\net8.0\apphost.exe" to "bin\Debug\net8.0\ProMeet.exe". Beginning retry 3 in 1000ms. The process cannot access the file 'C:\Users\Abdessamad\Desktop\ai_story\proMeet\ProMeet\bin\Debug\net8.0\ProMeet.exe' because it is being used by another process. The file is locked by: "ProMeet (24216)" [C:\Users\Abdessamad\Desktop\ai_story\proMeet\ProMeet\ProMeet.csproj]
C:\Program Files\dotnet\sdk\9.0.306\Microsoft.Common.CurrentVersion.targets(5394,5): warning MSB3026: Could not copy "C:\Users\Abdessamad\Desktop\ai_story\proMeet\ProMeet\obj\Debug\net8.0\apphost.exe" to "bin\Debug\net8.0\ProMeet.exe". Beginning retry 4 in 1000ms. The process cannot access the file 'C:\Users\Abdessamad\Desktop\ai_story\proMeet\ProMeet\bin\Debug\net8.0\ProMeet.exe' because it is being used by another process. The file is locked by: "ProMeet (24216)" [C:\Users\Abdessamad\Desktop\ai_story\proMeet\ProMeet\ProMeet.csproj]
C:\Program Files\dotnet\sdk\9.0.306\Microsoft.Common.CurrentVersion.targets(5394,5): warning MSB3026: Could not copy "C:\Users\Abdessamad\Desktop\ai_story\proMeet\ProMeet\obj\Debug\net8.0\apphost.exe" to "bin\Debug\net8.0\ProMeet.exe". Beginning retry 5 in 1000ms. The process cannot access the file 'C:\Users\Abdessamad\Desktop\ai_story\proMeet\ProMeet\bin\Debug\net8.0\ProMeet.exe' because it is being used by another process. The file is locked by: "ProMeet (24216)" [C:\Users\Abdessamad\Desktop\ai_story\proMeet\ProMeet\ProMeet.csproj]
C:\Program Files\dotnet\sdk\9.0.306\Microsoft.Common.CurrentVersion.targets(5394,5): warning MSB3026: Could not copy "C:\Users\Abdessamad\Desktop\ai_story\proMeet\ProMeet\obj\Debug\net8.0\apphost.exe" to "bin\Debug\net8.0\ProMeet.exe". Beginning retry 6 in 1000ms. The process cannot access the file 'C:\Users\Abdessamad\Desktop\ai_story\proMeet\ProMeet\bin\Debug\net8.0\ProMeet.exe' because it is being used by another process. The file is locked by: "ProMeet (24216)" [C:\Users\Abdessamad\Desktop\ai_story\proMeet\ProMeet\ProMeet.csproj]
C:\Program Files\dotnet\sdk\9.0.306\Microsoft.Common.CurrentVersion.targets(5394,5): warning MSB3026: Could not copy "C:\Users\Abdessamad\Desktop\ai_story\proMeet\ProMeet\obj\Debug\net8.0\apphost.exe" to "bin\Debug\net8.0\ProMeet.exe". Beginning retry 7 in 1000ms. The process cannot access the file 'C:\Users\Abdessamad\Desktop\ai_story\proMeet\ProMeet\bin\Debug\net8.0\ProMeet.exe' because it is being used by another process. The file is locked by: "ProMeet (24216)" [C:\Users\Abdessamad\Desktop\ai_story\proMeet\ProMeet\ProMeet.csproj]
C:\Program Files\dotnet\sdk\9.0.306\Microsoft.Common.CurrentVersion.targets(5394,5): warning MSB3026: Could not copy "C:\Users\Abdessamad\Desktop\ai_story\proMeet\ProMeet\obj\Debug\net8.0\apphost.exe" to "bin\Debug\net8.0\ProMeet.exe". Beginning retry 8 in 1000ms. The process cannot access the file 'C:\Users\Abdessamad\Desktop\ai_story\proMeet\ProMeet\bin\Debug\net8.0\ProMeet.exe' because it is being used by another process. The file is locked by: "ProMeet (24216)" [C:\Users\Abdessamad\Desktop\ai_story\proMeet\ProMeet\ProMeet.csproj]
C:\Program Files\dotnet\sdk\9.0.306\Microsoft.Common.CurrentVersion.targets(5394,5): warning MSB3026: Could not copy "C:\Users\Abdessamad\Desktop\ai_story\proMeet\ProMeet\obj\Debug\net8.0\apphost.exe" to "bin\Debug\net8.0\ProMeet.exe". Beginning retry 9 in 1000ms. The process cannot access the file 'C:\Users\Abdessamad\Desktop\ai_story\proMeet\ProMeet\bin\Debug\net8.0\ProMeet.exe' because it is being used by another process. The file is locked by: "ProMeet (24216)" [C:\Users\Abdessamad\Desktop\ai_story\proMeet\ProMeet\ProMeet.csproj]
C:\Program Files\dotnet\sdk\9.0.306\Microsoft.Common.CurrentVersion.targets(5394,5): warning MSB3026: Could not copy "C:\Users\Abdessamad\Desktop\ai_story\proMeet\ProMeet\obj\Debug\net8.0\apphost.exe" to "bin\Debug\net8.0\ProMeet.exe". Beginning retry 10 in 1000ms. The process cannot access the file 'C:\Users\Abdessamad\Desktop\ai_story\proMeet\ProMeet\bin\Debug\net8.0\ProMeet.exe' because it is being used by another process. The file is locked by: "ProMeet (24216)" [C:\Users\Abdessamad\Desktop\ai_story\proMeet\ProMeet\ProMeet.csproj]
C:\Program Files\dotnet\sdk\9.0.306\Microsoft.Common.CurrentVersion.targets(5394,5): error MSB3027: Could not copy "C:\Users\Abdessamad\Desktop\ai_story\proMeet\ProMeet\obj\Debug\net8.0\apphost.exe" to "bin\Debug\net8.0\ProMeet.exe". Exceeded retry count of 10. Failed. The file is locked by: "ProMeet (24216)" [C:\Users\Abdessamad\Desktop\ai_story\proMeet\ProMeet\ProMeet.csproj]
C:\Program Files\dotnet\sdk\9.0.306\Microsoft.Common.CurrentVersion.targets(5394,5): error MSB3021: Unable to copy file "C:\Users\Abdessamad\Desktop\ai_story\proMeet\ProMeet\obj\Debug\net8.0\apphost.exe" to "bin\Debug\net8.0\ProMeet.exe". The process cannot access the file 'C:\Users\Abdessamad\Desktop\ai_story\proMeet\ProMeet\bin\Debug\net8.0\ProMeet.exe' because it is being used by another process. [C:\Users\Abdessamad\Desktop\ai_story\proMeet\ProMeet\ProMeet.csproj]
    12 Warning(s)
    2 Error(s)

Time Elapsed 00:00:13.13

Workload updates are available. Run `dotnet workload list` for more information.
